
> relevnt-frontend@1.0.0 type-check
> tsc --noEmit

src/components/dashboard/DailyBriefing.tsx(38,19): error TS2322: Type '"heart"' is not assignable to type 'IconName'.
src/components/dashboard/DailyBriefing.tsx(131,18): error TS2304: Cannot find name 'Link'.
src/components/dashboard/DailyBriefing.tsx(131,96): error TS2304: Cannot find name 'Link'.
src/components/jobs/QuickApplyModal.tsx(87,13): error TS18047: 'persona' is possibly 'null'.
src/components/jobs/QuickApplyModal.tsx(91,23): error TS18047: 'persona' is possibly 'null'.
src/components/jobs/QuickApplyModal.tsx(132,10): error TS2769: No overload matches this call.
  Overload 1 of 2, '(values: { ai_suggestions?: Json | undefined; applied_date?: string | undefined; ats_optimization_applied?: boolean | null | undefined; attempt_count?: number | null | undefined; ... 31 more ...; user_id: string; }, options?: { ...; } | undefined): PostgrestFilterBuilder<...>', gave the following error.
    Object literal may only specify known properties, but 'applied_at' does not exist in type '{ ai_suggestions?: Json | undefined; applied_date?: string | undefined; ats_optimization_applied?: boolean | null | undefined; attempt_count?: number | null | undefined; company: string; ... 30 more ...; user_id: string; }'. Did you mean to write 'applied_date'?
  Overload 2 of 2, '(values: { ai_suggestions?: Json | undefined; applied_date?: string | undefined; ats_optimization_applied?: boolean | null | undefined; attempt_count?: number | null | undefined; ... 31 more ...; user_id: string; }[], options?: { ...; } | undefined): PostgrestFilterBuilder<...>', gave the following error.
    Object literal may only specify known properties, and 'user_id' does not exist in type '{ ai_suggestions?: Json | undefined; applied_date?: string | undefined; ats_optimization_applied?: boolean | null | undefined; attempt_count?: number | null | undefined; company: string; ... 30 more ...; user_id: string; }[]'.
src/components/RelevntFeedPanel.tsx(304,50): error TS2345: Argument of type 'string | null | undefined' is not assignable to parameter of type 'string | URL | undefined'.
  Type 'null' is not assignable to type 'string | URL | undefined'.
src/components/settings/tabs/VoiceStyleTab.tsx(96,70): error TS2345: Argument of type '"technical"' is not assignable to parameter of type 'SetStateAction<VoicePreset>'.
src/components/ui/PageHero.tsx(91,79): error TS2345: Argument of type 'string | undefined' is not assignable to parameter of type 'string | URL'.
  Type 'undefined' is not assignable to type 'string | URL'.
src/pages/ApplicationsPage.tsx(203,21): error TS2322: Type '{ type: "applications"; includePoetry: boolean; }' is not assignable to type 'IntrinsicAttributes & EmptyStateProps'.
  Property 'includePoetry' does not exist on type 'IntrinsicAttributes & EmptyStateProps'.
src/pages/CoverLetterListPage.tsx(49,21): error TS2322: Type '{ type: "generic"; title: string; description: string; action: { label: string; onClick: () => void; }; secondaryAction: { label: string; onClick: () => void; variant: "secondary"; }; includePoetry: boolean; }' is not assignable to type 'IntrinsicAttributes & EmptyStateProps'.
  Property 'includePoetry' does not exist on type 'IntrinsicAttributes & EmptyStateProps'.
src/pages/DashboardPage.tsx(342,58): error TS2322: Type '{ name: "external-link"; size: "xs"; style: { marginLeft: string; opacity: number; }; }' is not assignable to type 'IntrinsicAttributes & IconProps'.
  Property 'style' does not exist on type 'IntrinsicAttributes & IconProps'.
src/pages/JobsPage.tsx(620,15): error TS2322: Type '{ type: "jobs"; title: string; description: string; includePoetry: boolean; }' is not assignable to type 'IntrinsicAttributes & EmptyStateProps'.
  Property 'includePoetry' does not exist on type 'IntrinsicAttributes & EmptyStateProps'.
src/pages/JobsPage.tsx(695,54): error TS2345: Argument of type 'string | null' is not assignable to parameter of type 'string | URL | undefined'.
  Type 'null' is not assignable to type 'string | URL | undefined'.
src/pages/ResumeListPage.tsx(162,13): error TS2322: Type '{ type: "resumes"; action: { label: string; onClick: () => Promise<void>; }; secondaryAction: { label: string; onClick: () => void; variant: "secondary"; }; includePoetry: boolean; }' is not assignable to type 'IntrinsicAttributes & EmptyStateProps'.
  Property 'includePoetry' does not exist on type 'IntrinsicAttributes & EmptyStateProps'.
